[21:26:38.97] Script started. 
[21:26:53.11] Installing mmi_relay.ko ... 
[21:26:53.11] ERROR: Failed to install mmi_relay.ko 
[21:26:53.11] Installing mmi_info.ko ... 
insmod: failed to load /vendor/lib/modules/mmi_info.ko: No such file or directory
[21:26:53.11] SUCCESS: mmi_info.ko loaded 
[21:26:53.11] Installing mmi_annotate.ko ... 
[21:26:53.11] ERROR: Failed to install mmi_annotate.ko 
[21:26:53.11] Installing mmi_sys_temp.ko ... 
[21:26:53.11] ERROR: Failed to install mmi_sys_temp.ko 
[21:26:53.11] Installing mmi_lpm_dbg.ko ... 
[21:26:53.11] ERROR: Failed to install mmi_lpm_dbg.ko 
[21:26:53.11] Installing mmi_charger.ko ... 
insmod: failed to load /vendor/lib/modules/mmi_charger.ko: No such file or directory
[21:26:53.11] SUCCESS: mmi_charger.ko loaded 
[21:26:53.11] Installing sensors_class.ko ... 
[21:26:53.11] ERROR: Failed to install sensors_class.ko 
[21:26:53.11] Installing anc_fps_mmi.ko ... 
[21:26:53.11] ERROR: Failed to install anc_fps_mmi.ko 
[21:26:53.11] Installing fpc1020_mmi.ko ... 
[21:26:53.11] ERROR: Failed to install fpc1020_mmi.ko 
[21:26:53.11] Installing ilitek_v4_mmi.ko ... 
insmod: failed to load /vendor/lib/modules/ilitek_v4_mmi.ko: No such file or directory
[21:26:53.11] SUCCESS: ilitek_v4_mmi.ko loaded 
[21:26:54.25] Installing adsp_loader_dlkm.ko ... 
insmod: failed to load /vendor/lib/modules/adsp_loader_dlkm.ko: File exists
[21:26:54.25] SUCCESS: adsp_loader_dlkm.ko loaded 
[21:26:54.25] Installing altmode-glink.ko ... 
insmod: failed to load /vendor/lib/modules/altmode-glink.ko: File exists
[21:26:54.25] SUCCESS: altmode-glink.ko loaded 
[21:26:54.25] Installing audio_pkt_dlkm.ko ... 
insmod: failed to load /vendor/lib/modules/audio_pkt_dlkm.ko: No such file or directory
[21:26:54.25] SUCCESS: audio_pkt_dlkm.ko loaded 
[21:26:54.25] Installing audio_prm_dlkm.ko ... 
[21:26:54.25] ERROR: Failed to install audio_prm_dlkm.ko 
[21:26:54.25] Installing audpkt_ion_dlkm.ko ... 
[21:26:54.25] ERROR: Failed to install audpkt_ion_dlkm.ko 
[21:26:54.25] Installing awinic_sar.ko ... 
[21:26:54.25] ERROR: Failed to install awinic_sar.ko 
[21:26:54.25] Installing bam_dma.ko ... 
insmod: failed to load /vendor/lib/modules/bam_dma.ko: File exists
[21:26:54.25] SUCCESS: bam_dma.ko loaded 
[21:26:54.25] Installing bcl_soc.ko ... 
insmod: failed to load /vendor/lib/modules/bcl_soc.ko: File exists
[21:26:54.25] SUCCESS: bcl_soc.ko loaded 
[21:26:54.25] Installing bm_adsp_ulog.ko ... 
[21:26:54.25] ERROR: Failed to install bm_adsp_ulog.ko 
[21:26:54.25] Installing boot_stats.ko ... 
insmod: failed to load /vendor/lib/modules/boot_stats.ko: File exists
[21:26:54.25] SUCCESS: boot_stats.ko loaded 
[21:26:54.25] Installing btpower.ko ... 
insmod: failed to load /vendor/lib/modules/btpower.ko: No such file or directory
[21:26:54.25] SUCCESS: btpower.ko loaded 
[21:26:54.25] Installing bt_fm_slim.ko ... 
insmod: failed to load /vendor/lib/modules/bt_fm_slim.ko: No such file or directory
[21:26:54.25] SUCCESS: bt_fm_slim.ko loaded 
[21:26:54.25] Installing bwmon.ko ... 
insmod: failed to load /vendor/lib/modules/bwmon.ko: File exists
[21:26:54.25] SUCCESS: bwmon.ko loaded 
[21:26:54.25] Installing camcc-parrot.ko ... 
insmod: failed to load /vendor/lib/modules/camcc-parrot.ko: File exists
[21:26:54.25] SUCCESS: camcc-parrot.ko loaded 
[21:26:54.25] Installing camcc-sm4450.ko ... 
insmod: failed to load /vendor/lib/modules/camcc-sm4450.ko: File exists
[21:26:54.25] SUCCESS: camcc-sm4450.ko loaded 
[21:26:54.25] Installing camera.ko ... 
[21:26:54.25] ERROR: Failed to install camera.ko 
[21:26:54.25] Installing cdsprm.ko ... 
insmod: failed to load /vendor/lib/modules/cdsprm.ko: File exists
[21:26:54.25] SUCCESS: cdsprm.ko loaded 
[21:26:54.25] Installing cfg80211.ko ... 
insmod: failed to load /vendor/lib/modules/cfg80211.ko: No such file or directory
[21:26:54.25] SUCCESS: cfg80211.ko loaded 
[21:26:54.25] Installing charger-ulog-glink.ko ... 
insmod: failed to load /vendor/lib/modules/charger-ulog-glink.ko: File exists
[21:26:54.25] SUCCESS: charger-ulog-glink.ko loaded 
[21:26:54.25] Installing chipone_tddi_v3_mmi.ko ... 
[21:26:54.25] ERROR: Failed to install chipone_tddi_v3_mmi.ko 
[21:26:54.25] Installing cnss_nl.ko ... 
[21:26:54.25] ERROR: Failed to install cnss_nl.ko 
[21:26:54.25] Installing cnss_prealloc.ko ... 
[21:26:54.25] ERROR: Failed to install cnss_prealloc.ko 
[21:26:54.25] Installing cnss_utils.ko ... 
[21:26:54.25] ERROR: Failed to install cnss_utils.ko 
[21:26:54.25] Installing con_dfpar.ko ... 
[21:26:54.25] ERROR: Failed to install con_dfpar.ko 
[21:26:54.25] Installing coresight-csr.ko ... 
insmod: failed to load /vendor/lib/modules/coresight-csr.ko: File exists
[21:26:54.25] SUCCESS: coresight-csr.ko loaded 
[21:26:54.25] Installing coresight-cti.ko ... 
insmod: failed to load /vendor/lib/modules/coresight-cti.ko: File exists
[21:26:54.25] SUCCESS: coresight-cti.ko loaded 
[21:26:54.25] Installing coresight-dummy.ko ... 
insmod: failed to load /vendor/lib/modules/coresight-dummy.ko: File exists
[21:26:54.25] SUCCESS: coresight-dummy.ko loaded 
[21:26:54.25] Installing coresight-funnel.ko ... 
insmod: failed to load /vendor/lib/modules/coresight-funnel.ko: File exists
[21:26:54.25] SUCCESS: coresight-funnel.ko loaded 
[21:26:54.25] Installing coresight-qmi.ko ... 
insmod: failed to load /vendor/lib/modules/coresight-qmi.ko: File exists
[21:26:54.25] SUCCESS: coresight-qmi.ko loaded 
[21:26:54.25] Installing coresight-remote-etm.ko ... 
insmod: failed to load /vendor/lib/modules/coresight-remote-etm.ko: File exists
[21:26:54.25] SUCCESS: coresight-remote-etm.ko loaded 
[21:26:54.25] Installing coresight-replicator.ko ... 
insmod: failed to load /vendor/lib/modules/coresight-replicator.ko: File exists
[21:26:54.25] SUCCESS: coresight-replicator.ko loaded 
[21:26:54.25] Installing coresight-stm.ko ... 
insmod: failed to load /vendor/lib/modules/coresight-stm.ko: File exists
[21:26:54.25] SUCCESS: coresight-stm.ko loaded 
[21:26:54.25] Installing coresight-tgu.ko ... 
insmod: failed to load /vendor/lib/modules/coresight-tgu.ko: File exists
[21:26:54.25] SUCCESS: coresight-tgu.ko loaded 
[21:26:54.25] Installing coresight-tmc-sec.ko ... 
insmod: failed to load /vendor/lib/modules/coresight-tmc-sec.ko: File exists
[21:26:54.25] SUCCESS: coresight-tmc-sec.ko loaded 
[21:26:54.25] Installing coresight-tmc.ko ... 
insmod: failed to load /vendor/lib/modules/coresight-tmc.ko: File exists
[21:26:54.25] SUCCESS: coresight-tmc.ko loaded 
[21:26:54.25] Installing coresight-tpda.ko ... 
insmod: failed to load /vendor/lib/modules/coresight-tpda.ko: File exists
[21:26:54.25] SUCCESS: coresight-tpda.ko loaded 
[21:26:54.25] Installing coresight-tpdm.ko ... 
insmod: failed to load /vendor/lib/modules/coresight-tpdm.ko: File exists
[21:26:54.25] SUCCESS: coresight-tpdm.ko loaded 
[21:26:54.25] Installing coresight.ko ... 
insmod: failed to load /vendor/lib/modules/coresight.ko: File exists
[21:26:54.25] SUCCESS: coresight.ko loaded 
[21:26:54.25] Installing cpucp_log.ko ... 
insmod: failed to load /vendor/lib/modules/cpucp_log.ko: File exists
[21:26:54.25] SUCCESS: cpucp_log.ko loaded 
[21:26:54.25] Installing ddr_cdev.ko ... 
insmod: failed to load /vendor/lib/modules/ddr_cdev.ko: File exists
[21:26:54.25] SUCCESS: ddr_cdev.ko loaded 
[21:26:54.25] Installing debugcc-parrot.ko ... 
insmod: failed to load /vendor/lib/modules/debugcc-parrot.ko: File exists
[21:26:54.25] SUCCESS: debugcc-parrot.ko loaded 
[21:26:54.25] Installing debugcc-sm4450.ko ... 
insmod: failed to load /vendor/lib/modules/debugcc-sm4450.ko: File exists
[21:26:54.25] SUCCESS: debugcc-sm4450.ko loaded 
[21:26:54.25] Installing dmesg_dumper.ko ... 
insmod: failed to load /vendor/lib/modules/dmesg_dumper.ko: File exists
[21:26:54.25] SUCCESS: dmesg_dumper.ko loaded 
[21:26:54.25] Installing drm_display_helper.ko ... 
insmod: failed to load /vendor/lib/modules/drm_display_helper.ko: File exists
[21:26:54.25] SUCCESS: drm_display_helper.ko loaded 
[21:26:54.25] Installing drm_dp_aux_bus.ko ... 
insmod: failed to load /vendor/lib/modules/drm_dp_aux_bus.ko: File exists
[21:26:54.25] SUCCESS: drm_dp_aux_bus.ko loaded 
[21:26:54.25] Installing dwc3-msm.ko ... 
insmod: failed to load /vendor/lib/modules/dwc3-msm.ko: File exists
[21:26:54.25] SUCCESS: dwc3-msm.ko loaded 
[21:26:54.25] Installing ehset.ko ... 
insmod: failed to load /vendor/lib/modules/ehset.ko: File exists
[21:26:54.25] SUCCESS: ehset.ko loaded 
[21:26:54.25] Installing eud.ko ... 
insmod: failed to load /vendor/lib/modules/eud.ko: File exists
[21:26:54.25] SUCCESS: eud.ko loaded 
[21:26:54.25] Installing fm_ctrl.ko ... 
[21:26:54.25] ERROR: Failed to install fm_ctrl.ko 
[21:26:54.25] Installing frpc-adsprpc.ko ... 
[21:26:54.25] ERROR: Failed to install frpc-adsprpc.ko 
[21:26:54.25] Installing fs1815_dlkm.ko ... 
insmod: failed to load /vendor/lib/modules/fs1815_dlkm.ko: No such file or directory
[21:26:54.25] SUCCESS: fs1815_dlkm.ko loaded 
[21:26:54.25] Installing fs1815_mngr_dlkm.ko ... 
[21:26:54.25] ERROR: Failed to install fs1815_mngr_dlkm.ko 
[21:26:54.25] Installing fsa4480-i2c.ko ... 
insmod: failed to load /vendor/lib/modules/fsa4480-i2c.ko: File exists
[21:26:54.25] SUCCESS: fsa4480-i2c.ko loaded 
[21:26:54.25] Installing f_fs_ipc_log.ko ... 
insmod: failed to load /vendor/lib/modules/f_fs_ipc_log.ko: File exists
[21:26:54.25] SUCCESS: f_fs_ipc_log.ko loaded 
[21:26:54.25] Installing gh_ctrl.ko ... 
insmod: failed to load /vendor/lib/modules/gh_ctrl.ko: File exists
[21:26:54.25] SUCCESS: gh_ctrl.ko loaded 
[21:26:54.25] Installing gh_irq_lend.ko ... 
insmod: failed to load /vendor/lib/modules/gh_irq_lend.ko: File exists
[21:26:54.25] SUCCESS: gh_irq_lend.ko loaded 
[21:26:54.25] Installing gh_mem_notifier.ko ... 
insmod: failed to load /vendor/lib/modules/gh_mem_notifier.ko: File exists
[21:26:54.25] SUCCESS: gh_mem_notifier.ko loaded 
[21:26:54.25] Installing gh_panic_notifier.ko ... 
insmod: failed to load /vendor/lib/modules/gh_panic_notifier.ko: File exists
[21:26:54.25] SUCCESS: gh_panic_notifier.ko loaded 
[21:26:54.25] Installing gh_rm_booster.ko ... 
insmod: failed to load /vendor/lib/modules/gh_rm_booster.ko: File exists
[21:26:54.25] SUCCESS: gh_rm_booster.ko loaded 
[21:26:54.25] Installing gh_tlmm_vm_mem_access.ko ... 
insmod: failed to load /vendor/lib/modules/gh_tlmm_vm_mem_access.ko: File exists
[21:26:54.25] SUCCESS: gh_tlmm_vm_mem_access.ko loaded 
[21:26:54.25] Installing gic_intr_routing.ko ... 
insmod: failed to load /vendor/lib/modules/gic_intr_routing.ko: File exists
[21:26:54.25] SUCCESS: gic_intr_routing.ko loaded 
[21:26:54.25] Installing glink_pkt.ko ... 
insmod: failed to load /vendor/lib/modules/glink_pkt.ko: File exists
[21:26:54.25] SUCCESS: glink_pkt.ko loaded 
[21:26:54.25] Installing governor_gpubw_mon.ko ... 
insmod: failed to load /vendor/lib/modules/governor_gpubw_mon.ko: File exists
[21:26:54.25] SUCCESS: governor_gpubw_mon.ko loaded 
[21:26:54.25] Installing governor_msm_adreno_tz.ko ... 
insmod: failed to load /vendor/lib/modules/governor_msm_adreno_tz.ko: File exists
[21:26:54.25] SUCCESS: governor_msm_adreno_tz.ko loaded 
[21:26:54.25] Installing gpr_dlkm.ko ... 
insmod: failed to load /vendor/lib/modules/gpr_dlkm.ko: File exists
[21:26:54.25] SUCCESS: gpr_dlkm.ko loaded 
[21:26:54.25] Installing gpucc-parrot.ko ... 
insmod: failed to load /vendor/lib/modules/gpucc-parrot.ko: File exists
[21:26:54.25] SUCCESS: gpucc-parrot.ko loaded 
[21:26:54.25] Installing gpucc-sm4450.ko ... 
insmod: failed to load /vendor/lib/modules/gpucc-sm4450.ko: File exists
[21:26:54.25] SUCCESS: gpucc-sm4450.ko loaded 
[21:26:54.25] Installing gsim.ko ... 
[21:26:54.25] ERROR: Failed to install gsim.ko 
[21:26:54.25] Installing hdcp_qseecom_dlkm.ko ... 
insmod: failed to load /vendor/lib/modules/hdcp_qseecom_dlkm.ko: File exists
[21:26:54.25] SUCCESS: hdcp_qseecom_dlkm.ko loaded 
[21:26:54.25] Installing hdmi_dlkm.ko ... 
[21:26:54.25] ERROR: Failed to install hdmi_dlkm.ko 
[21:26:54.25] Installing heap_mem_ext_v01.ko ... 
insmod: failed to load /vendor/lib/modules/heap_mem_ext_v01.ko: File exists
[21:26:54.25] SUCCESS: heap_mem_ext_v01.ko loaded 
[21:26:54.25] Installing hung_task_enh.ko ... 
insmod: failed to load /vendor/lib/modules/hung_task_enh.ko: File exists
[21:26:54.25] SUCCESS: hung_task_enh.ko loaded 
[21:26:54.25] Installing hvc_gunyah.ko ... 
insmod: failed to load /vendor/lib/modules/hvc_gunyah.ko: File exists
[21:26:54.25] SUCCESS: hvc_gunyah.ko loaded 
[21:26:54.25] Installing i2c-msm-geni.ko ... 
insmod: failed to load /vendor/lib/modules/i2c-msm-geni.ko: File exists
[21:26:54.25] SUCCESS: i2c-msm-geni.ko loaded 
[21:26:54.25] Installing icnss2.ko ... 
insmod: failed to load /vendor/lib/modules/icnss2.ko: No such file or directory
[21:26:54.25] SUCCESS: icnss2.ko loaded 
[21:26:54.25] Installing ipam.ko ... 
insmod: failed to load /vendor/lib/modules/ipam.ko: No such file or directory
[21:26:54.25] SUCCESS: ipam.ko loaded 
[21:26:54.25] Installing ipanetm.ko ... 
insmod: failed to load /vendor/lib/modules/ipanetm.ko: No such file or directory
[21:26:54.25] SUCCESS: ipanetm.ko loaded 
[21:26:54.25] Installing ktd3136_bl.ko ... 
[21:26:54.25] ERROR: Failed to install ktd3136_bl.ko 
[21:26:54.25] Installing leds-aw2016.ko ... 
insmod: failed to load /vendor/lib/modules/leds-aw2016.ko: File exists
[21:26:54.25] SUCCESS: leds-aw2016.ko loaded 
[21:26:54.25] Installing leds-qpnp-flash-v2.ko ... 
insmod: failed to load /vendor/lib/modules/leds-qpnp-flash-v2.ko: File exists
[21:26:54.25] SUCCESS: leds-qpnp-flash-v2.ko loaded 
[21:26:54.25] Installing leds-qpnp-vibrator-ldo.ko ... 
insmod: failed to load /vendor/lib/modules/leds-qpnp-vibrator-ldo.ko: File exists
[21:26:54.25] SUCCESS: leds-qpnp-vibrator-ldo.ko loaded 
[21:26:54.25] Installing leds-qti-tri-led.ko ... 
insmod: failed to load /vendor/lib/modules/leds-qti-tri-led.ko: File exists
[21:26:54.25] SUCCESS: leds-qti-tri-led.ko loaded 
[21:26:54.25] Installing leds_aw99703.ko ... 
[21:26:54.25] ERROR: Failed to install leds_aw99703.ko 
[21:26:54.25] Installing lpass_cdc_dlkm.ko ... 
[21:26:54.25] ERROR: Failed to install lpass_cdc_dlkm.ko 
[21:26:54.25] Installing lpass_cdc_rx_macro_dlkm.ko ... 
insmod: failed to load /vendor/lib/modules/lpass_cdc_rx_macro_dlkm.ko: No such file or directory
[21:26:54.25] SUCCESS: lpass_cdc_rx_macro_dlkm.ko loaded 
[21:26:54.25] Installing lpass_cdc_tx_macro_dlkm.ko ... 
[21:26:54.25] ERROR: Failed to install lpass_cdc_tx_macro_dlkm.ko 
[21:26:54.25] Installing lpass_cdc_va_macro_dlkm.ko ... 
insmod: failed to load /vendor/lib/modules/lpass_cdc_va_macro_dlkm.ko: No such file or directory
[21:26:54.25] SUCCESS: lpass_cdc_va_macro_dlkm.ko loaded 
[21:26:54.25] Installing lpass_cdc_wsa2_macro_dlkm.ko ... 
insmod: failed to load /vendor/lib/modules/lpass_cdc_wsa2_macro_dlkm.ko: No such file or directory
[21:26:54.25] SUCCESS: lpass_cdc_wsa2_macro_dlkm.ko loaded 
[21:26:54.25] Installing lpass_cdc_wsa_macro_dlkm.ko ... 
insmod: failed to load /vendor/lib/modules/lpass_cdc_wsa_macro_dlkm.ko: No such file or directory
[21:26:54.25] SUCCESS: lpass_cdc_wsa_macro_dlkm.ko loaded 
[21:26:54.25] Installing lvstest.ko ... 
insmod: failed to load /vendor/lib/modules/lvstest.ko: File exists
[21:26:54.25] SUCCESS: lvstest.ko loaded 
[21:26:54.25] Installing machine_dlkm.ko ... 
insmod: failed to load /vendor/lib/modules/machine_dlkm.ko: No such file or directory
[21:26:54.25] SUCCESS: machine_dlkm.ko loaded 
[21:26:54.25] Installing mbhc_dlkm.ko ... 
[21:26:54.25] ERROR: Failed to install mbhc_dlkm.ko 
[21:26:54.25] Installing memlat.ko ... 
insmod: failed to load /vendor/lib/modules/memlat.ko: File exists
[21:26:54.25] SUCCESS: memlat.ko loaded 
[21:26:54.25] Installing mem_object.ko ... 
insmod: failed to load /vendor/lib/modules/mem_object.ko: File exists
[21:26:54.25] SUCCESS: mem_object.ko loaded 
[21:26:54.25] Installing mhi.ko ... 
insmod: failed to load /vendor/lib/modules/mhi.ko: File exists
[21:26:54.25] SUCCESS: mhi.ko loaded 
[21:26:54.25] Installing mhi_dev_dtr.ko ... 
insmod: failed to load /vendor/lib/modules/mhi_dev_dtr.ko: File exists
[21:26:54.25] SUCCESS: mhi_dev_dtr.ko loaded 
[21:26:54.25] Installing mhi_dev_uci.ko ... 
insmod: failed to load /vendor/lib/modules/mhi_dev_uci.ko: File exists
[21:26:54.25] SUCCESS: mhi_dev_uci.ko loaded 
[21:26:54.25] Installing mmrm_test_module.ko ... 
[21:26:54.25] ERROR: Failed to install mmrm_test_module.ko 
[21:26:54.25] Installing moto_binder.ko ... 
[21:26:54.25] ERROR: Failed to install moto_binder.ko 
[21:26:54.25] Installing moto_f_usbnet.ko ... 
[21:26:54.25] ERROR: Failed to install moto_f_usbnet.ko 
[21:26:54.25] Installing moto_mm.ko ... 
[21:26:54.25] ERROR: Failed to install moto_mm.ko 
[21:26:54.25] Installing moto_mmap_fault.ko ... 
[21:26:54.25] ERROR: Failed to install moto_mmap_fault.ko 
[21:26:54.25] Installing moto_reboot_reason.ko ... 
[21:26:54.25] ERROR: Failed to install moto_reboot_reason.ko 
[21:26:54.25] Installing moto_sched.ko ... 
[21:26:54.25] ERROR: Failed to install moto_sched.ko 
[21:26:54.25] Installing moto_swap.ko ... 
insmod: failed to load /vendor/lib/modules/moto_swap.ko: No such file or directory
[21:26:54.25] SUCCESS: moto_swap.ko loaded 
[21:26:54.25] Installing msm-mmrm.ko ... 
insmod: failed to load /vendor/lib/modules/msm-mmrm.ko: File exists
[21:26:54.25] SUCCESS: msm-mmrm.ko loaded 
[21:26:54.25] Installing msm_drm.ko ... 
insmod: failed to load /vendor/lib/modules/msm_drm.ko: File exists
[21:26:54.25] SUCCESS: msm_drm.ko loaded 
[21:26:54.25] Installing msm_ext_display.ko ... 
insmod: failed to load /vendor/lib/modules/msm_ext_display.ko: File exists
[21:26:54.25] SUCCESS: msm_ext_display.ko loaded 
[21:26:54.25] Installing msm_geni_serial.ko ... 
insmod: failed to load /vendor/lib/modules/msm_geni_serial.ko: File exists
[21:26:54.25] SUCCESS: msm_geni_serial.ko loaded 
[21:26:54.25] Installing msm_gpi.ko ... 
insmod: failed to load /vendor/lib/modules/msm_gpi.ko: File exists
[21:26:54.25] SUCCESS: msm_gpi.ko loaded 
[21:26:54.25] Installing msm_kgsl.ko ... 
[21:26:54.25] ERROR: Failed to install msm_kgsl.ko 
[21:26:54.25] Installing msm_memshare.ko ... 
insmod: failed to load /vendor/lib/modules/msm_memshare.ko: File exists
[21:26:54.25] SUCCESS: msm_memshare.ko loaded 
[21:26:54.25] Installing msm_performance.ko ... 
insmod: failed to load /vendor/lib/modules/msm_performance.ko: File exists
[21:26:54.25] SUCCESS: msm_performance.ko loaded 
[21:26:54.25] Installing msm_sharedmem.ko ... 
insmod: failed to load /vendor/lib/modules/msm_sharedmem.ko: File exists
[21:26:54.25] SUCCESS: msm_sharedmem.ko loaded 
[21:26:54.25] Installing msm_show_resume_irq.ko ... 
insmod: failed to load /vendor/lib/modules/msm_show_resume_irq.ko: File exists
[21:26:54.25] SUCCESS: msm_show_resume_irq.ko loaded 
[21:26:54.25] Installing msm_sysstats.ko ... 
insmod: failed to load /vendor/lib/modules/msm_sysstats.ko: File exists
[21:26:54.25] SUCCESS: msm_sysstats.ko loaded 
[21:26:54.25] Installing msm_video.ko ... 
[21:26:54.25] ERROR: Failed to install msm_video.ko 
[21:26:54.25] Installing nxp-nci.ko ... 
[21:26:54.25] ERROR: Failed to install nxp-nci.ko 
[21:26:54.25] Installing panel_event_notifier.ko ... 
insmod: failed to load /vendor/lib/modules/panel_event_notifier.ko: File exists
[21:26:54.25] SUCCESS: panel_event_notifier.ko loaded 
[21:26:54.25] Installing pci-msm-drv.ko ... 
insmod: failed to load /vendor/lib/modules/pci-msm-drv.ko: File exists
[21:26:54.25] SUCCESS: pci-msm-drv.ko loaded 
[21:26:54.25] Installing pdr_interface.ko ... 
insmod: failed to load /vendor/lib/modules/pdr_interface.ko: File exists
[21:26:54.25] SUCCESS: pdr_interface.ko loaded 
[21:26:54.25] Installing phy-generic.ko ... 
insmod: failed to load /vendor/lib/modules/phy-generic.ko: File exists
[21:26:54.25] SUCCESS: phy-generic.ko loaded 
[21:26:54.25] Installing phy-msm-snps-hs.ko ... 
insmod: failed to load /vendor/lib/modules/phy-msm-snps-hs.ko: File exists
[21:26:54.25] SUCCESS: phy-msm-snps-hs.ko loaded 
[21:26:54.25] Installing phy-msm-ssusb-qmp.ko ... 
insmod: failed to load /vendor/lib/modules/phy-msm-ssusb-qmp.ko: File exists
[21:26:54.25] SUCCESS: phy-msm-ssusb-qmp.ko loaded 
[21:26:54.25] Installing phy-qcom-emu.ko ... 
insmod: failed to load /vendor/lib/modules/phy-qcom-emu.ko: File exists
[21:26:54.25] SUCCESS: phy-qcom-emu.ko loaded 
[21:26:54.25] Installing pinctrl-spmi-gpio.ko ... 
insmod: failed to load /vendor/lib/modules/pinctrl-spmi-gpio.ko: File exists
[21:26:54.25] SUCCESS: pinctrl-spmi-gpio.ko loaded 
[21:26:54.25] Installing pinctrl-spmi-mpp.ko ... 
insmod: failed to load /vendor/lib/modules/pinctrl-spmi-mpp.ko: File exists
[21:26:54.25] SUCCESS: pinctrl-spmi-mpp.ko loaded 
[21:26:54.25] Installing pinctrl_lpi_dlkm.ko ... 
[21:26:54.25] ERROR: Failed to install pinctrl_lpi_dlkm.ko 
[21:26:54.25] Installing pm8941-pwrkey.ko ... 
insmod: failed to load /vendor/lib/modules/pm8941-pwrkey.ko: File exists
[21:26:54.25] SUCCESS: pm8941-pwrkey.ko loaded 
[21:26:54.25] Installing pmic-glink-debug.ko ... 
insmod: failed to load /vendor/lib/modules/pmic-glink-debug.ko: File exists
[21:26:54.25] SUCCESS: pmic-glink-debug.ko loaded 
[21:26:54.25] Installing pmic-pon-log.ko ... 
insmod: failed to load /vendor/lib/modules/pmic-pon-log.ko: File exists
[21:26:54.25] SUCCESS: pmic-pon-log.ko loaded 
[21:26:54.25] Installing policy_engine.ko ... 
insmod: failed to load /vendor/lib/modules/policy_engine.ko: File exists
[21:26:54.25] SUCCESS: policy_engine.ko loaded 
[21:26:54.25] Installing pwm-qti-lpg.ko ... 
insmod: failed to load /vendor/lib/modules/pwm-qti-lpg.ko: File exists
[21:26:54.25] SUCCESS: pwm-qti-lpg.ko loaded 
[21:26:54.25] Installing q6_dlkm.ko ... 
insmod: failed to load /vendor/lib/modules/q6_dlkm.ko: File exists
[21:26:54.25] SUCCESS: q6_dlkm.ko loaded 
[21:26:54.25] Installing q6_notifier_dlkm.ko ... 
insmod: failed to load /vendor/lib/modules/q6_notifier_dlkm.ko: File exists
[21:26:54.25] SUCCESS: q6_notifier_dlkm.ko loaded 
[21:26:54.25] Installing q6_pdr_dlkm.ko ... 
insmod: failed to load /vendor/lib/modules/q6_pdr_dlkm.ko: File exists
[21:26:54.25] SUCCESS: q6_pdr_dlkm.ko loaded 
[21:26:54.25] Installing qca_cld3_adrastea.ko ... 
insmod: failed to load /vendor/lib/modules/qca_cld3_adrastea.ko: No such file or directory
[21:26:54.25] SUCCESS: qca_cld3_adrastea.ko loaded 
[21:26:54.25] Installing qce50_dlkm.ko ... 
[21:26:54.25] ERROR: Failed to install qce50_dlkm.ko 
[21:26:54.25] Installing qcedev-mod_dlkm.ko ... 
[21:26:54.25] ERROR: Failed to install qcedev-mod_dlkm.ko 
[21:26:54.25] Installing qcom-amoled-regulator.ko ... 
insmod: failed to load /vendor/lib/modules/qcom-amoled-regulator.ko: File exists
[21:26:54.25] SUCCESS: qcom-amoled-regulator.ko loaded 
[21:26:54.25] Installing qcom-cpufreq-hw.ko ... 
insmod: failed to load /vendor/lib/modules/qcom-cpufreq-hw.ko: File exists
[21:26:54.25] SUCCESS: qcom-cpufreq-hw.ko loaded 
[21:26:54.25] Installing qcom-hv-haptics.ko ... 
insmod: failed to load /vendor/lib/modules/qcom-hv-haptics.ko: File exists
[21:26:54.25] SUCCESS: qcom-hv-haptics.ko loaded 
[21:26:54.25] Installing qcom-i2c-pmic.ko ... 
insmod: failed to load /vendor/lib/modules/qcom-i2c-pmic.ko: File exists
[21:26:54.25] SUCCESS: qcom-i2c-pmic.ko loaded 
[21:26:54.25] Installing qcom-pon.ko ... 
insmod: failed to load /vendor/lib/modules/qcom-pon.ko: File exists
[21:26:54.25] SUCCESS: qcom-pon.ko loaded 
[21:26:54.25] Installing qcom-spmi-adc-tm5.ko ... 
insmod: failed to load /vendor/lib/modules/qcom-spmi-adc-tm5.ko: File exists
[21:26:54.25] SUCCESS: qcom-spmi-adc-tm5.ko loaded 
[21:26:54.25] Installing qcom-spmi-adc5.ko ... 
insmod: failed to load /vendor/lib/modules/qcom-spmi-adc5.ko: File exists
[21:26:54.25] SUCCESS: qcom-spmi-adc5.ko loaded 
[21:26:54.25] Installing qcom-spmi-temp-alarm.ko ... 
insmod: failed to load /vendor/lib/modules/qcom-spmi-temp-alarm.ko: File exists
[21:26:54.25] SUCCESS: qcom-spmi-temp-alarm.ko loaded 
[21:26:54.25] Installing qcom-spmi-wled.ko ... 
insmod: failed to load /vendor/lib/modules/qcom-spmi-wled.ko: File exists
[21:26:54.25] SUCCESS: qcom-spmi-wled.ko loaded 
[21:26:54.25] Installing qcom-vadc-common.ko ... 
insmod: failed to load /vendor/lib/modules/qcom-vadc-common.ko: File exists
[21:26:54.25] SUCCESS: qcom-vadc-common.ko loaded 
[21:26:54.25] Installing qcom_cpuss_sleep_stats.ko ... 
insmod: failed to load /vendor/lib/modules/qcom_cpuss_sleep_stats.ko: File exists
[21:26:54.25] SUCCESS: qcom_cpuss_sleep_stats.ko loaded 
[21:26:54.25] Installing qcom_glink.ko ... 
insmod: failed to load /vendor/lib/modules/qcom_glink.ko: File exists
[21:26:54.25] SUCCESS: qcom_glink.ko loaded 
[21:26:54.25] Installing qcom_glink_smem.ko ... 
insmod: failed to load /vendor/lib/modules/qcom_glink_smem.ko: File exists
[21:26:54.25] SUCCESS: qcom_glink_smem.ko loaded 
[21:26:54.25] Installing qcom_iommu_debug.ko ... 
insmod: failed to load /vendor/lib/modules/qcom_iommu_debug.ko: File exists
[21:26:54.25] SUCCESS: qcom_iommu_debug.ko loaded 
[21:26:54.25] Installing qcom_logbuf_boot_log.ko ... 
insmod: failed to load /vendor/lib/modules/qcom_logbuf_boot_log.ko: File exists
[21:26:54.25] SUCCESS: qcom_logbuf_boot_log.ko loaded 
[21:26:54.25] Installing qcom_logbuf_vendor_hooks.ko ... 
insmod: failed to load /vendor/lib/modules/qcom_logbuf_vendor_hooks.ko: File exists
[21:26:54.25] SUCCESS: qcom_logbuf_vendor_hooks.ko loaded 
[21:26:54.25] Installing qcom_lpm.ko ... 
insmod: failed to load /vendor/lib/modules/qcom_lpm.ko: File exists
[21:26:54.25] SUCCESS: qcom_lpm.ko loaded 
[21:26:54.25] Installing qcom_pil_info.ko ... 
insmod: failed to load /vendor/lib/modules/qcom_pil_info.ko: File exists
[21:26:54.25] SUCCESS: qcom_pil_info.ko loaded 
[21:26:54.25] Installing qcom_pm8008-regulator.ko ... 
insmod: failed to load /vendor/lib/modules/qcom_pm8008-regulator.ko: File exists
[21:26:54.25] SUCCESS: qcom_pm8008-regulator.ko loaded 
[21:26:54.25] Installing qcom_q6v5.ko ... 
insmod: failed to load /vendor/lib/modules/qcom_q6v5.ko: File exists
[21:26:54.25] SUCCESS: qcom_q6v5.ko loaded 
[21:26:54.25] Installing qcom_q6v5_pas.ko ... 
insmod: failed to load /vendor/lib/modules/qcom_q6v5_pas.ko: File exists
[21:26:54.25] SUCCESS: qcom_q6v5_pas.ko loaded 
[21:26:54.25] Installing qcom_ramdump.ko ... 
insmod: failed to load /vendor/lib/modules/qcom_ramdump.ko: File exists
[21:26:54.25] SUCCESS: qcom_ramdump.ko loaded 
[21:26:54.25] Installing qcom_smd.ko ... 
insmod: failed to load /vendor/lib/modules/qcom_smd.ko: File exists
[21:26:54.25] SUCCESS: qcom_smd.ko loaded 
[21:26:54.25] Installing qcom_soc_wdt.ko ... 
insmod: failed to load /vendor/lib/modules/qcom_soc_wdt.ko: File exists
[21:26:54.25] SUCCESS: qcom_soc_wdt.ko loaded 
[21:26:54.25] Installing qcom_stats.ko ... 
insmod: failed to load /vendor/lib/modules/qcom_stats.ko: File exists
[21:26:54.25] SUCCESS: qcom_stats.ko loaded 
[21:26:54.25] Installing qcom_sysmon.ko ... 
insmod: failed to load /vendor/lib/modules/qcom_sysmon.ko: File exists
[21:26:54.25] SUCCESS: qcom_sysmon.ko loaded 
[21:26:54.25] Installing qcom_va_minidump.ko ... 
insmod: failed to load /vendor/lib/modules/qcom_va_minidump.ko: File exists
[21:26:54.25] SUCCESS: qcom_va_minidump.ko loaded 
[21:26:54.25] Installing qcrypto-msm_dlkm.ko ... 
[21:26:54.25] ERROR: Failed to install qcrypto-msm_dlkm.ko 
[21:26:54.25] Installing qfprom-sys.ko ... 
insmod: failed to load /vendor/lib/modules/qfprom-sys.ko: File exists
[21:26:54.25] SUCCESS: qfprom-sys.ko loaded 
[21:26:54.25] Installing qmi_helpers.ko ... 
insmod: failed to load /vendor/lib/modules/qmi_helpers.ko: File exists
[21:26:54.25] SUCCESS: qmi_helpers.ko loaded 
[21:26:54.25] Installing qpnp-lcdb-regulator.ko ... 
insmod: failed to load /vendor/lib/modules/qpnp-lcdb-regulator.ko: File exists
[21:26:54.25] SUCCESS: qpnp-lcdb-regulator.ko loaded 
[21:26:54.25] Installing qpnp-power-on.ko ... 
insmod: failed to load /vendor/lib/modules/qpnp-power-on.ko: File exists
[21:26:54.25] SUCCESS: qpnp-power-on.ko loaded 
[21:26:54.25] Installing qpnp_adaptive_charge.ko ... 
insmod: failed to load /vendor/lib/modules/qpnp_adaptive_charge.ko: No such file or directory
[21:26:54.25] SUCCESS: qpnp_adaptive_charge.ko loaded 
[21:26:54.25] Installing qrng_dlkm.ko ... 
[21:26:54.25] ERROR: Failed to install qrng_dlkm.ko 
[21:26:54.25] Installing qrtr-mhi.ko ... 
insmod: failed to load /vendor/lib/modules/qrtr-mhi.ko: File exists
[21:26:54.25] SUCCESS: qrtr-mhi.ko loaded 
[21:26:54.25] Installing qrtr-smd.ko ... 
insmod: failed to load /vendor/lib/modules/qrtr-smd.ko: File exists
[21:26:54.25] SUCCESS: qrtr-smd.ko loaded 
[21:26:54.25] Installing qseecom_dlkm.ko ... 
insmod: failed to load /vendor/lib/modules/qseecom_dlkm.ko: File exists
[21:26:54.25] SUCCESS: qseecom_dlkm.ko loaded 
[21:26:54.25] Installing qseecom_proxy.ko ... 
insmod: failed to load /vendor/lib/modules/qseecom_proxy.ko: File exists
[21:26:54.25] SUCCESS: qseecom_proxy.ko loaded 
[21:26:54.25] Installing qsee_ipc_irq_bridge.ko ... 
insmod: failed to load /vendor/lib/modules/qsee_ipc_irq_bridge.ko: File exists
[21:26:54.25] SUCCESS: qsee_ipc_irq_bridge.ko loaded 
[21:26:54.25] Installing qti-fixed-regulator.ko ... 
insmod: failed to load /vendor/lib/modules/qti-fixed-regulator.ko: File exists
[21:26:54.25] SUCCESS: qti-fixed-regulator.ko loaded 
[21:26:54.25] Installing qti-glink-adc.ko ... 
insmod: failed to load /vendor/lib/modules/qti-glink-adc.ko: File exists
[21:26:54.25] SUCCESS: qti-glink-adc.ko loaded 
[21:26:54.25] Installing qti-ocp-notifier.ko ... 
insmod: failed to load /vendor/lib/modules/qti-ocp-notifier.ko: File exists
[21:26:54.25] SUCCESS: qti-ocp-notifier.ko loaded 
[21:26:54.25] Installing qti_battery_charger.ko ... 
insmod: failed to load /vendor/lib/modules/qti_battery_charger.ko: File exists
[21:26:54.25] SUCCESS: qti_battery_charger.ko loaded 
[21:26:54.25] Installing qti_battery_debug.ko ... 
insmod: failed to load /vendor/lib/modules/qti_battery_debug.ko: File exists
[21:26:54.25] SUCCESS: qti_battery_debug.ko loaded 
[21:26:54.25] Installing qti_cpufreq_cdev.ko ... 
insmod: failed to load /vendor/lib/modules/qti_cpufreq_cdev.ko: File exists
[21:26:54.25] SUCCESS: qti_cpufreq_cdev.ko loaded 
[21:26:54.25] Installing qti_devfreq_cdev.ko ... 
insmod: failed to load /vendor/lib/modules/qti_devfreq_cdev.ko: File exists
[21:26:54.25] SUCCESS: qti_devfreq_cdev.ko loaded 
[21:26:54.25] Installing qti_glink_charger.ko ... 
insmod: failed to load /vendor/lib/modules/qti_glink_charger.ko: No such file or directory
[21:26:54.25] SUCCESS: qti_glink_charger.ko loaded 
[21:26:54.25] Installing qti_pmic_glink.ko ... 
insmod: failed to load /vendor/lib/modules/qti_pmic_glink.ko: File exists
[21:26:54.25] SUCCESS: qti_pmic_glink.ko loaded 
[21:26:54.25] Installing qti_qmi_cdev.ko ... 
insmod: failed to load /vendor/lib/modules/qti_qmi_cdev.ko: File exists
[21:26:54.25] SUCCESS: qti_qmi_cdev.ko loaded 
[21:26:54.25] Installing qti_qmi_sensor_v2.ko ... 
insmod: failed to load /vendor/lib/modules/qti_qmi_sensor_v2.ko: File exists
[21:26:54.25] SUCCESS: qti_qmi_sensor_v2.ko loaded 
[21:26:54.25] Installing qti_userspace_cdev.ko ... 
insmod: failed to load /vendor/lib/modules/qti_userspace_cdev.ko: File exists
[21:26:54.25] SUCCESS: qti_userspace_cdev.ko loaded 
[21:26:54.25] Installing radio-i2c-rtc6226-qca.ko ... 
[21:26:54.25] ERROR: Failed to install radio-i2c-rtc6226-qca.ko 
[21:26:54.25] Installing rdbg.ko ... 
insmod: failed to load /vendor/lib/modules/rdbg.ko: File exists
[21:26:54.25] SUCCESS: rdbg.ko loaded 
[21:26:54.25] Installing reboot-mode.ko ... 
insmod: failed to load /vendor/lib/modules/reboot-mode.ko: File exists
[21:26:54.25] SUCCESS: reboot-mode.ko loaded 
[21:26:54.25] Installing rmnet_aps.ko ... 
insmod: failed to load /vendor/lib/modules/rmnet_aps.ko: No such file or directory
[21:26:54.25] SUCCESS: rmnet_aps.ko loaded 
[21:26:54.25] Installing rmnet_core.ko ... 
insmod: failed to load /vendor/lib/modules/rmnet_core.ko: No such file or directory
[21:26:54.25] SUCCESS: rmnet_core.ko loaded 
[21:26:54.25] Installing rmnet_ctl.ko ... 
insmod: failed to load /vendor/lib/modules/rmnet_ctl.ko: No such file or directory
[21:26:54.25] SUCCESS: rmnet_ctl.ko loaded 
[21:26:54.25] Installing rmnet_mem.ko ... 
[21:26:54.25] ERROR: Failed to install rmnet_mem.ko 
[21:26:54.25] Installing rmnet_offload.ko ... 
insmod: failed to load /vendor/lib/modules/rmnet_offload.ko: No such file or directory
[21:26:54.25] SUCCESS: rmnet_offload.ko loaded 
[21:26:54.25] Installing rmnet_perf.ko ... 
insmod: failed to load /vendor/lib/modules/rmnet_perf.ko: No such file or directory
[21:26:54.25] SUCCESS: rmnet_perf.ko loaded 
[21:26:54.25] Installing rmnet_perf_tether.ko ... 
insmod: failed to load /vendor/lib/modules/rmnet_perf_tether.ko: No such file or directory
[21:26:54.25] SUCCESS: rmnet_perf_tether.ko loaded 
[21:26:54.25] Installing rmnet_sch.ko ... 
[21:26:54.25] ERROR: Failed to install rmnet_sch.ko 
[21:26:54.25] Installing rmnet_shs.ko ... 
insmod: failed to load /vendor/lib/modules/rmnet_shs.ko: No such file or directory
[21:26:54.25] SUCCESS: rmnet_shs.ko loaded 
[21:26:54.25] Installing rmnet_wlan.ko ... 
insmod: failed to load /vendor/lib/modules/rmnet_wlan.ko: No such file or directory
[21:26:54.25] SUCCESS: rmnet_wlan.ko loaded 
[21:26:54.25] Installing rproc_qcom_common.ko ... 
insmod: failed to load /vendor/lib/modules/rproc_qcom_common.ko: File exists
[21:26:54.25] SUCCESS: rproc_qcom_common.ko loaded 
[21:26:54.25] Installing rq_stats.ko ... 
insmod: failed to load /vendor/lib/modules/rq_stats.ko: File exists
[21:26:54.25] SUCCESS: rq_stats.ko loaded 
[21:26:54.25] Installing schgm-flash.ko ... 
insmod: failed to load /vendor/lib/modules/schgm-flash.ko: File exists
[21:26:54.25] SUCCESS: schgm-flash.ko loaded 
[21:26:54.25] Installing sdpm_clk.ko ... 
insmod: failed to load /vendor/lib/modules/sdpm_clk.ko: File exists
[21:26:54.25] SUCCESS: sdpm_clk.ko loaded 
[21:26:54.25] Installing sg.ko ... 
insmod: failed to load /vendor/lib/modules/sg.ko: File exists
[21:26:54.25] SUCCESS: sg.ko loaded 
[21:26:54.25] Installing si_core_module.ko ... 
insmod: failed to load /vendor/lib/modules/si_core_module.ko: File exists
[21:26:54.25] SUCCESS: si_core_module.ko loaded 
[21:26:54.25] Installing slim-qcom-ngd-ctrl.ko ... 
insmod: failed to load /vendor/lib/modules/slim-qcom-ngd-ctrl.ko: File exists
[21:26:54.25] SUCCESS: slim-qcom-ngd-ctrl.ko loaded 
[21:26:54.25] Installing slimbus.ko ... 
insmod: failed to load /vendor/lib/modules/slimbus.ko: File exists
[21:26:54.25] SUCCESS: slimbus.ko loaded 
[21:26:54.25] Installing smcinvoke_dlkm.ko ... 
insmod: failed to load /vendor/lib/modules/smcinvoke_dlkm.ko: File exists
[21:26:54.25] SUCCESS: smcinvoke_dlkm.ko loaded 
[21:26:54.25] Installing smmu_proxy_dlkm.ko ... 
[21:26:54.25] ERROR: Failed to install smmu_proxy_dlkm.ko 
[21:26:54.25] Installing smp2p.ko ... 
insmod: failed to load /vendor/lib/modules/smp2p.ko: File exists
[21:26:54.25] SUCCESS: smp2p.ko loaded 
[21:26:54.25] Installing smp2p_sleepstate.ko ... 
insmod: failed to load /vendor/lib/modules/smp2p_sleepstate.ko: File exists
[21:26:54.25] SUCCESS: smp2p_sleepstate.ko loaded 
[21:26:54.25] Installing snd-usb-audio-qmi.ko ... 
insmod: failed to load /vendor/lib/modules/snd-usb-audio-qmi.ko: File exists
[21:26:54.25] SUCCESS: snd-usb-audio-qmi.ko loaded 
[21:26:54.25] Installing snd_event_dlkm.ko ... 
insmod: failed to load /vendor/lib/modules/snd_event_dlkm.ko: File exists
[21:26:54.25] SUCCESS: snd_event_dlkm.ko loaded 
[21:26:54.25] Installing spf_core_dlkm.ko ... 
insmod: failed to load /vendor/lib/modules/spf_core_dlkm.ko: File exists
[21:26:54.25] SUCCESS: spf_core_dlkm.ko loaded 
[21:26:54.25] Installing spi-msm-geni.ko ... 
insmod: failed to load /vendor/lib/modules/spi-msm-geni.ko: File exists
[21:26:54.25] SUCCESS: spi-msm-geni.ko loaded 
[21:26:54.25] Installing spmi-pmic-arb-debug.ko ... 
insmod: failed to load /vendor/lib/modules/spmi-pmic-arb-debug.ko: File exists
[21:26:54.25] SUCCESS: spmi-pmic-arb-debug.ko loaded 
[21:26:54.25] Installing sps_drv.ko ... 
insmod: failed to load /vendor/lib/modules/sps_drv.ko: File exists
[21:26:54.25] SUCCESS: sps_drv.ko loaded 
[21:26:54.25] Installing st21nfc.ko ... 
insmod: failed to load /vendor/lib/modules/st21nfc.ko: No such file or directory
[21:26:54.25] SUCCESS: st21nfc.ko loaded 
[21:26:54.25] Installing st54spi.ko ... 
insmod: failed to load /vendor/lib/modules/st54spi.ko: No such file or directory
[21:26:54.25] SUCCESS: st54spi.ko loaded 
[21:26:54.25] Installing stm_console.ko ... 
insmod: failed to load /vendor/lib/modules/stm_console.ko: File exists
[21:26:54.25] SUCCESS: stm_console.ko loaded 
[21:26:54.25] Installing stm_core.ko ... 
insmod: failed to load /vendor/lib/modules/stm_core.ko: File exists
[21:26:54.25] SUCCESS: stm_core.ko loaded 
[21:26:54.25] Installing stm_ftrace.ko ... 
insmod: failed to load /vendor/lib/modules/stm_ftrace.ko: File exists
[21:26:54.25] SUCCESS: stm_ftrace.ko loaded 
[21:26:54.25] Installing stm_p_basic.ko ... 
insmod: failed to load /vendor/lib/modules/stm_p_basic.ko: File exists
[21:26:54.25] SUCCESS: stm_p_basic.ko loaded 
[21:26:54.25] Installing stm_p_ost.ko ... 
insmod: failed to load /vendor/lib/modules/stm_p_ost.ko: File exists
[21:26:54.25] SUCCESS: stm_p_ost.ko loaded 
[21:26:54.25] Installing stub_dlkm.ko ... 
[21:26:54.25] ERROR: Failed to install stub_dlkm.ko 
[21:26:54.25] Installing swr_ctrl_dlkm.ko ... 
insmod: failed to load /vendor/lib/modules/swr_ctrl_dlkm.ko: No such file or directory
[21:26:54.25] SUCCESS: swr_ctrl_dlkm.ko loaded 
[21:26:54.25] Installing swr_dlkm.ko ... 
[21:26:54.25] ERROR: Failed to install swr_dlkm.ko 
[21:26:54.25] Installing swr_dmic_dlkm.ko ... 
insmod: failed to load /vendor/lib/modules/swr_dmic_dlkm.ko: No such file or directory
[21:26:54.25] SUCCESS: swr_dmic_dlkm.ko loaded 
[21:26:54.25] Installing swr_haptics_dlkm.ko ... 
[21:26:54.25] ERROR: Failed to install swr_haptics_dlkm.ko 
[21:26:54.25] Installing sx937x_sar.ko ... 
[21:26:54.25] ERROR: Failed to install sx937x_sar.ko 
[21:26:54.25] Installing sync_fence.ko ... 
insmod: failed to load /vendor/lib/modules/sync_fence.ko: File exists
[21:26:54.25] SUCCESS: sync_fence.ko loaded 
[21:26:54.25] Installing sysmon_subsystem_stats.ko ... 
insmod: failed to load /vendor/lib/modules/sysmon_subsystem_stats.ko: File exists
[21:26:54.25] SUCCESS: sysmon_subsystem_stats.ko loaded 
[21:26:54.25] Installing sys_pm_vx.ko ... 
insmod: failed to load /vendor/lib/modules/sys_pm_vx.ko: File exists
[21:26:54.25] SUCCESS: sys_pm_vx.ko loaded 
[21:26:54.25] Installing thermal_config.ko ... 
insmod: failed to load /vendor/lib/modules/thermal_config.ko: File exists
[21:26:54.25] SUCCESS: thermal_config.ko loaded 
[21:26:54.25] Installing tmecom-intf.ko ... 
insmod: failed to load /vendor/lib/modules/tmecom-intf.ko: File exists
[21:26:54.25] SUCCESS: tmecom-intf.ko loaded 
[21:26:54.25] Installing tz_log_dlkm.ko ... 
[21:26:54.25] ERROR: Failed to install tz_log_dlkm.ko 
[21:26:54.25] Installing ucsi_qti_glink.ko ... 
insmod: failed to load /vendor/lib/modules/ucsi_qti_glink.ko: File exists
[21:26:54.25] SUCCESS: ucsi_qti_glink.ko loaded 
[21:26:54.25] Installing usb_f_ccid.ko ... 
insmod: failed to load /vendor/lib/modules/usb_f_ccid.ko: File exists
[21:26:54.25] SUCCESS: usb_f_ccid.ko loaded 
[21:26:54.25] Installing usb_f_cdev.ko ... 
insmod: failed to load /vendor/lib/modules/usb_f_cdev.ko: File exists
[21:26:54.25] SUCCESS: usb_f_cdev.ko loaded 
[21:26:54.25] Installing usb_f_gsi.ko ... 
insmod: failed to load /vendor/lib/modules/usb_f_gsi.ko: File exists
[21:26:54.25] SUCCESS: usb_f_gsi.ko loaded 
[21:26:54.25] Installing usb_f_qdss.ko ... 
insmod: failed to load /vendor/lib/modules/usb_f_qdss.ko: File exists
[21:26:54.25] SUCCESS: usb_f_qdss.ko loaded 
[21:26:54.25] Installing utags.ko ... 
[21:26:54.25] ERROR: Failed to install utags.ko 
[21:26:54.25] Installing videocc-parrot.ko ... 
insmod: failed to load /vendor/lib/modules/videocc-parrot.ko: File exists
[21:26:54.25] SUCCESS: videocc-parrot.ko loaded 
[21:26:54.25] Installing watchdogtest.ko ... 
[21:26:54.25] ERROR: Failed to install watchdogtest.ko 
[21:26:54.25] Installing wcd937x_dlkm.ko ... 
insmod: failed to load /vendor/lib/modules/wcd937x_dlkm.ko: No such file or directory
[21:26:54.25] SUCCESS: wcd937x_dlkm.ko loaded 
[21:26:54.25] Installing wcd937x_slave_dlkm.ko ... 
[21:26:54.25] ERROR: Failed to install wcd937x_slave_dlkm.ko 
[21:26:54.25] Installing wcd938x_dlkm.ko ... 
insmod: failed to load /vendor/lib/modules/wcd938x_dlkm.ko: No such file or directory
[21:26:54.25] SUCCESS: wcd938x_dlkm.ko loaded 
[21:26:54.25] Installing wcd938x_slave_dlkm.ko ... 
[21:26:54.25] ERROR: Failed to install wcd938x_slave_dlkm.ko 
[21:26:54.25] Installing wcd9xxx_dlkm.ko ... 
[21:26:54.25] ERROR: Failed to install wcd9xxx_dlkm.ko 
[21:26:54.25] Installing wcd_core_dlkm.ko ... 
[21:26:54.25] ERROR: Failed to install wcd_core_dlkm.ko 
[21:26:54.25] Installing wlan_firmware_service.ko ... 
[21:26:54.25] ERROR: Failed to install wlan_firmware_service.ko 
[21:26:54.25] Installing wsa881x_dlkm.ko ... 
[21:26:54.25] ERROR: Failed to install wsa881x_dlkm.ko 
[21:26:54.25] Installing wsa883x_dlkm.ko ... 
[21:26:54.25] ERROR: Failed to install wsa883x_dlkm.ko 
[21:26:54.25] Installing xhci-sideband.ko ... 
insmod: failed to load /vendor/lib/modules/xhci-sideband.ko: File exists
[21:26:54.25] SUCCESS: xhci-sideband.ko loaded 
